mode: set
github.com/bcwatson22/engaging-worker/internal/hash/content.go:49.2,50.14 2 1
github.com/bcwatson22/engaging-worker/internal/hash/content.go:51.3,52.1 1 1
github.com/bcwatson22/engaging-worker/internal/hash/content.go:54.2,55.1 2 1
github.com/bcwatson22/engaging-worker/internal/hash/content.go:56.2,56.82 2 1
github.com/bcwatson22/engaging-worker/internal/hash/content.go:61.2,62.16 2 1
github.com/bcwatson22/engaging-worker/internal/hash/content.go:63.3,64.1 1 1
github.com/bcwatson22/engaging-worker/internal/hash/content.go:66.2,66.26 1 1
github.com/bcwatson22/engaging-worker/internal/hash/content.go:70.2,72.1 2 1
github.com/bcwatson22/engaging-worker/internal/hash/content.go:76.2,77.16 2 1
github.com/bcwatson22/engaging-worker/internal/hash/content.go:78.3,79.1 1 1
github.com/bcwatson22/engaging-worker/internal/hash/content.go:82.2,83.1 3 1
github.com/bcwatson22/engaging-worker/internal/hash/content.go:84.2,85.16 3 1
github.com/bcwatson22/engaging-worker/internal/hash/content.go:86.3,87.1 1 1
github.com/bcwatson22/engaging-worker/internal/hash/content.go:88.2,88.15 1 1
github.com/bcwatson22/engaging-worker/internal/hash/content.go:88.17,88.39 1 1
github.com/bcwatson22/engaging-worker/internal/hash/content.go:90.2,90.50 1 1
github.com/bcwatson22/engaging-worker/internal/hash/content.go:91.3,92.1 1 1
github.com/bcwatson22/engaging-worker/internal/hash/content.go:94.2,95.16 2 1
github.com/bcwatson22/engaging-worker/internal/hash/content.go:96.3,97.1 1 1
github.com/bcwatson22/engaging-worker/internal/hash/content.go:99.2,99.30 1 1
github.com/bcwatson22/engaging-worker/internal/hash/content.go:105.2,106.1 2 1
github.com/bcwatson22/engaging-worker/internal/hash/content.go:107.2,107.27 2 1
github.com/bcwatson22/engaging-worker/internal/hash/content.go:108.3,109.17 2 1
github.com/bcwatson22/engaging-worker/internal/hash/content.go:110.4,111.1 1 1
github.com/bcwatson22/engaging-worker/internal/hash/content.go:112.3,112.29 1 1
github.com/bcwatson22/engaging-worker/internal/hash/content.go:115.2,115.44 1 1
