mode: set
github.com/bcwatson22/engaging-worker/internal/queue/consumer.go:93.2,93.23 1 1
github.com/bcwatson22/engaging-worker/internal/queue/consumer.go:94.3,95.1 1 1
github.com/bcwatson22/engaging-worker/internal/queue/consumer.go:96.2,96.26 1 1
github.com/bcwatson22/engaging-worker/internal/queue/consumer.go:97.3,98.1 1 1
github.com/bcwatson22/engaging-worker/internal/queue/consumer.go:99.2,99.25 1 1
github.com/bcwatson22/engaging-worker/internal/queue/consumer.go:100.3,101.1 1 1
github.com/bcwatson22/engaging-worker/internal/queue/consumer.go:102.2,102.26 1 1
github.com/bcwatson22/engaging-worker/internal/queue/consumer.go:103.3,104.1 1 1
github.com/bcwatson22/engaging-worker/internal/queue/consumer.go:105.2,105.24 1 1
github.com/bcwatson22/engaging-worker/internal/queue/consumer.go:106.3,107.1 1 1
github.com/bcwatson22/engaging-worker/internal/queue/consumer.go:108.2,108.23 1 1
github.com/bcwatson22/engaging-worker/internal/queue/consumer.go:109.3,110.1 1 1
github.com/bcwatson22/engaging-worker/internal/queue/consumer.go:111.2,111.31 1 1
github.com/bcwatson22/engaging-worker/internal/queue/consumer.go:112.3,113.1 1 1
github.com/bcwatson22/engaging-worker/internal/queue/consumer.go:114.2,114.23 1 1
github.com/bcwatson22/engaging-worker/internal/queue/consumer.go:115.3,116.1 1 1
github.com/bcwatson22/engaging-worker/internal/queue/consumer.go:117.2,117.21 1 1
github.com/bcwatson22/engaging-worker/internal/queue/consumer.go:118.3,119.1 1 1
github.com/bcwatson22/engaging-worker/internal/queue/consumer.go:120.2,120.25 1 1
github.com/bcwatson22/engaging-worker/internal/queue/consumer.go:121.3,122.1 1 1
github.com/bcwatson22/engaging-worker/internal/queue/consumer.go:124.2,124.46 1 1
github.com/bcwatson22/engaging-worker/internal/queue/consumer.go:130.2,131.63 2 1
github.com/bcwatson22/engaging-worker/internal/queue/consumer.go:132.3,133.1 1 1
github.com/bcwatson22/engaging-worker/internal/queue/consumer.go:135.2,135.12 1 1
github.com/bcwatson22/engaging-worker/internal/queue/consumer.go:143.2,143.43 1 1
github.com/bcwatson22/engaging-worker/internal/queue/consumer.go:144.3,145.1 1 1
github.com/bcwatson22/engaging-worker/internal/queue/consumer.go:147.2,149.1 3 1
github.com/bcwatson22/engaging-worker/internal/queue/consumer.go:150.2,150.6 3 1
github.com/bcwatson22/engaging-worker/internal/queue/consumer.go:151.3,151.35 1 1
github.com/bcwatson22/engaging-worker/internal/queue/consumer.go:152.4,153.1 1 1
github.com/bcwatson22/engaging-worker/internal/queue/consumer.go:155.3,156.17 2 1
github.com/bcwatson22/engaging-worker/internal/queue/consumer.go:157.4,158.42 2 1
github.com/bcwatson22/engaging-worker/internal/queue/consumer.go:159.5,160.1 1 1
github.com/bcwatson22/engaging-worker/internal/queue/consumer.go:163.4,165.1 3 1
github.com/bcwatson22/engaging-worker/internal/queue/consumer.go:166.4,166.12 3 1
github.com/bcwatson22/engaging-worker/internal/queue/consumer.go:169.3,170.1 2 1
github.com/bcwatson22/engaging-worker/internal/queue/consumer.go:171.3,171.25 2 1
github.com/bcwatson22/engaging-worker/internal/queue/consumer.go:172.4,172.55 1 1
github.com/bcwatson22/engaging-worker/internal/queue/consumer.go:173.5,174.1 2 1
github.com/bcwatson22/engaging-worker/internal/queue/consumer.go:175.5,176.1 2 1
github.com/bcwatson22/engaging-worker/internal/queue/consumer.go:178.4,179.1 2 1
github.com/bcwatson22/engaging-worker/internal/queue/consumer.go:180.4,180.12 2 1
github.com/bcwatson22/engaging-worker/internal/queue/consumer.go:183.3,184.1 2 1
github.com/bcwatson22/engaging-worker/internal/queue/consumer.go:185.3,185.30 2 1
github.com/bcwatson22/engaging-worker/internal/queue/consumer.go:186.4,187.1 1 1
github.com/bcwatson22/engaging-worker/internal/queue/consumer.go:195.2,199.16 2 1
github.com/bcwatson22/engaging-worker/internal/queue/consumer.go:200.3,201.1 1 1
github.com/bcwatson22/engaging-worker/internal/queue/consumer.go:203.2,203.22 1 1
github.com/bcwatson22/engaging-worker/internal/queue/consumer.go:204.3,205.1 2 1
github.com/bcwatson22/engaging-worker/internal/queue/consumer.go:206.3,207.1 2 1
github.com/bcwatson22/engaging-worker/internal/queue/consumer.go:216.2,220.1 2 1
github.com/bcwatson22/engaging-worker/internal/queue/consumer.go:221.2,221.31 2 1
github.com/bcwatson22/engaging-worker/internal/queue/consumer.go:222.3,223.1 1 1
github.com/bcwatson22/engaging-worker/internal/queue/consumer.go:224.2,224.16 1 1
github.com/bcwatson22/engaging-worker/internal/queue/consumer.go:225.3,226.1 1 0
github.com/bcwatson22/engaging-worker/internal/queue/consumer.go:227.2,227.23 1 1
github.com/bcwatson22/engaging-worker/internal/queue/consumer.go:228.3,229.1 1 0
github.com/bcwatson22/engaging-worker/internal/queue/consumer.go:231.2,231.33 1 1
github.com/bcwatson22/engaging-worker/internal/queue/consumer.go:238.2,239.16 2 1
github.com/bcwatson22/engaging-worker/internal/queue/consumer.go:240.3,241.1 2 1
github.com/bcwatson22/engaging-worker/internal/queue/consumer.go:242.3,243.1 2 1
github.com/bcwatson22/engaging-worker/internal/queue/consumer.go:245.2,245.58 1 1
github.com/bcwatson22/engaging-worker/internal/queue/consumer.go:246.3,247.17 2 1
github.com/bcwatson22/engaging-worker/internal/queue/consumer.go:248.4,250.1 3 1
github.com/bcwatson22/engaging-worker/internal/queue/consumer.go:251.4,252.1 3 1
github.com/bcwatson22/engaging-worker/internal/queue/consumer.go:254.3,256.1 2 1
github.com/bcwatson22/engaging-worker/internal/queue/consumer.go:257.3,257.32 2 1
github.com/bcwatson22/engaging-worker/internal/queue/consumer.go:258.4,259.1 1 1
github.com/bcwatson22/engaging-worker/internal/queue/consumer.go:262.2,262.40 1 1
github.com/bcwatson22/engaging-worker/internal/queue/consumer.go:266.2,266.68 1 1
github.com/bcwatson22/engaging-worker/internal/queue/consumer.go:267.3,268.1 1 1
github.com/bcwatson22/engaging-worker/internal/queue/consumer.go:274.2,275.1 3 1
github.com/bcwatson22/engaging-worker/internal/queue/consumer.go:276.2,277.1 3 1
github.com/bcwatson22/engaging-worker/internal/queue/consumer.go:278.2,289.23 3 1
github.com/bcwatson22/engaging-worker/internal/queue/consumer.go:290.3,291.1 1 1
github.com/bcwatson22/engaging-worker/internal/queue/consumer.go:293.2,293.18 1 1
github.com/bcwatson22/engaging-worker/internal/queue/job.go:45.2,46.1 1 1
github.com/bcwatson22/engaging-worker/internal/queue/job.go:50.2,51.9 2 1
github.com/bcwatson22/engaging-worker/internal/queue/job.go:52.3,53.1 1 1
github.com/bcwatson22/engaging-worker/internal/queue/job.go:55.2,56.58 2 1
github.com/bcwatson22/engaging-worker/internal/queue/job.go:57.3,58.1 1 1
github.com/bcwatson22/engaging-worker/internal/queue/job.go:60.2,60.22 1 1
github.com/bcwatson22/engaging-worker/internal/queue/job.go:61.3,62.1 1 1
github.com/bcwatson22/engaging-worker/internal/queue/job.go:64.2,64.17 1 1
github.com/bcwatson22/engaging-worker/internal/queue/job.go:74.2,75.1 2 1
github.com/bcwatson22/engaging-worker/internal/queue/job.go:76.2,77.1 2 1
