mode: set
github.com/bcwatson22/engaging-worker/internal/worker/worker.go:58.2,59.9 2 1
github.com/bcwatson22/engaging-worker/internal/worker/worker.go:60.3,61.1 1 1
github.com/bcwatson22/engaging-worker/internal/worker/worker.go:63.2,64.1 3 1
github.com/bcwatson22/engaging-worker/internal/worker/worker.go:65.2,66.16 3 1
github.com/bcwatson22/engaging-worker/internal/worker/worker.go:67.3,68.1 1 1
github.com/bcwatson22/engaging-worker/internal/worker/worker.go:70.2,71.1 3 1
github.com/bcwatson22/engaging-worker/internal/worker/worker.go:72.2,73.16 3 1
github.com/bcwatson22/engaging-worker/internal/worker/worker.go:74.3,75.1 1 1
github.com/bcwatson22/engaging-worker/internal/worker/worker.go:78.2,79.1 3 1
github.com/bcwatson22/engaging-worker/internal/worker/worker.go:80.2,81.16 3 1
github.com/bcwatson22/engaging-worker/internal/worker/worker.go:82.3,83.1 1 1
github.com/bcwatson22/engaging-worker/internal/worker/worker.go:85.2,87.16 2 1
github.com/bcwatson22/engaging-worker/internal/worker/worker.go:88.3,89.1 1 1
github.com/bcwatson22/engaging-worker/internal/worker/worker.go:93.2,93.61 1 1
github.com/bcwatson22/engaging-worker/internal/worker/worker.go:94.3,95.1 1 1
github.com/bcwatson22/engaging-worker/internal/worker/worker.go:97.2,99.1 2 1
github.com/bcwatson22/engaging-worker/internal/worker/worker.go:100.2,100.12 2 1
github.com/bcwatson22/engaging-worker/internal/worker/worker.go:106.2,107.16 2 1
github.com/bcwatson22/engaging-worker/internal/worker/worker.go:108.3,109.1 1 1
github.com/bcwatson22/engaging-worker/internal/worker/worker.go:111.2,111.11 1 1
github.com/bcwatson22/engaging-worker/internal/worker/worker.go:112.3,113.1 2 1
github.com/bcwatson22/engaging-worker/internal/worker/worker.go:114.3,115.1 2 1
github.com/bcwatson22/engaging-worker/internal/worker/worker.go:117.2,118.16 2 1
github.com/bcwatson22/engaging-worker/internal/worker/worker.go:119.3,120.1 1 1
github.com/bcwatson22/engaging-worker/internal/worker/worker.go:122.2,124.1 2 1
github.com/bcwatson22/engaging-worker/internal/worker/worker.go:125.2,125.22 2 1
github.com/bcwatson22/engaging-worker/internal/worker/worker.go:126.3,127.1 1 1
github.com/bcwatson22/engaging-worker/internal/worker/worker.go:129.2,129.18 1 1
github.com/bcwatson22/engaging-worker/internal/worker/worker.go:133.2,133.13 1 1
github.com/bcwatson22/engaging-worker/internal/worker/worker.go:134.3,135.1 1 1
github.com/bcwatson22/engaging-worker/internal/worker/worker.go:136.2,136.16 1 1
github.com/bcwatson22/engaging-worker/internal/worker/worker.go:137.3,138.1 1 1
github.com/bcwatson22/engaging-worker/internal/worker/worker.go:140.2,140.10 1 1
